REFINEMENT
  id_arv( id_xyj, id_zys )

REFINES
  id_oug

SEES
  id_rjh, id_ggi, id_fhx, id_dij, id_hst, id_qiw

INCLUDES
  id_gcl (
    INTER(id_tbn, id_kka, id_guz).
    (not(str_tlo <= bool(str_dfm$0 <: str_vqi))|
     {str_rnz, str_eku$0'id_fhk, TRUE, str_ccc$0, INT, str_xam}'id_xcj)
  ),
  id_yyb (
    {str_waw$0,
     str_zev,
     fnc
       ([str_ufe,
         { id_lio | str_hqp$0 /= str_lxz$0 },
         str_zhk$0,
         TRUE,
         str_olc,
         str_srj$0,
         str_ppo,
         str_rou]),
     [STRING,
      str_ijl$0,
      rec
        (id_pya: str_ild$0,
         id_xkm: MAXINT,
         id_syx:
         struct
           (id_iui: str_mos,
            id_kjp: str_dbu,
            id_jos: str_fiv$0,
            id_kxq: str_ysy$0),
         id_und: str_lhe,
         id_bhw: MAXINT),
      str_abh$0,
      str_sfp$0,
      str_ubx]}
  ),
  id_mjk,
  id_hmf (
    PI(id_inm, id_xhm, id_byu).
    (not
       (rec
          (id_dvs: MAXINT,
           id_puc: str_zpc,
           id_xxu: str_pra$0,
           id_lvh: [str_uef, str_rnh$0, str_lok$0, str_yhz, FALSE, str_shz]) /:
        struct(id_jkw: str_zbz$0, id_mxr: TRUE))|
     INTER(id_wmd, id_pzo). (str_wfy$0 <<: str_btb| NATURAL)),
    [str_xta$0,
     father
       (rec
          (id_xxn: NAT,
           id_bpt: str_soz$0,
           id_vee: str_lhg,
           id_cqb: BOOL,
           id_ppg: BOOL,
           id_zyh: str_ejx,
           id_eso: FALSE,
           id_bcj: str_ixc)),
     struct
       (id_xhq: { id_jyw, id_toa | "str_imp" <: str_zjz },
        id_zku: str_qdm$0,
        id_rbz: rec(id_gge: str_fkm, id_iid: str_qvt$0, id_sqz: str_brg),
        id_qds: str_kxp$0)
       'id_nfi]
  )

PROMOTES
  id_adi, id_mgs, id_inm

EXTENDS
  id_jqa (
    closure1
      (rec
         (id_apl:
          rec
            (id_fxf: str_jew,
             id_vfn: str_mdc$0,
             id_cdz: str_vvt,
             id_mfp: INTEGER,
             id_qqz: str_mqm,
             id_cpp: INT,
             id_gni: str_hcq),
          id_tpc: str_vsw$0,
          id_joz: str_rid,
          id_bgb:
          bool
            (not
               (!(id_jam, id_maw, id_ozb).
                (str_lyl : str_vyy$0 => NAT1 <: str_fjd))),
          id_ngd: str_ozs)),
    { id_ulc, id_pmp
      |
      bool(TRUE /<: str_nma) <: struct(id_jby: MAXINT, id_ofk: str_lqk) &
      !(id_aql, id_wxt, id_tco, id_oiz).(1 /: str_kag) }
  ),
  id_yzj (
    [str_pkx$0,
     str_csf$0,
     str_efh,
     {str_vwm, str_bmg$0, str_wzd, 0, str_yth$0, str_uub$0, str_qbs$0,
      str_zbj},
     rec
       (id_aqw: str_ayi,
        id_qyo: str_kwr,
        id_evc: str_ptk,
        id_akn: MAXINT,
        id_lif:
        rec
          (id_bpn: str_ept,
           id_yxq: str_ktm$0,
           id_vog: str_iii$0,
           id_nkq: NATURAL,
           id_mpr: FALSE,
           id_fuu: str_akt$0,
           id_ndz: str_jqu$0),
        id_psp:
        INTER(id_nhj, id_gnr, id_vkx, id_jvv).
        (not(str_lxu$0 /: str_row$0)| str_eln$0)
          'id_nma,
        id_sxu: str_siu)],
    (pred
       (struct
          (id_reh:
           struct
             (id_uuy: [],
              id_jxh: FALSE,
              id_kau: NATURAL,
              id_qqs: str_tzo,
              id_yeb: str_foz,
              id_toe: str_azq$0,
              id_ijq: POW(bool(str_vzg < NAT1))))) ><
     {str_zqh$0, FALSE, str_kic, BOOL, MAXINT}),
    rec
      (id_zqj: str_kbo,
       id_dok: str_kks$0,
       id_qyl: INT,
       id_npi:
       rec
         (id_rka: str_gth,
          id_olb: str_gjk,
          id_wzy:
          rec
            (id_rjp: str_wiq$0,
             id_hqy:
             { id_uue, id_uuu, id_jit, id_gwl, id_abo, id_skm, id_xmg
               |
               str_egt$0 < str_pxw },
             id_lrb: str_scq$0),
          id_gzf: {str_oxx$0, str_olh$0, str_gdu, str_gsn, str_ckh$0},
          id_yqp: str_wpm,
          id_tzr: bool(str_fzt /= NATURAL)'id_kii,
          id_whh: str_rwc$0,
          id_hmp: str_whj$0),
       id_zvr: NATURAL1,
       id_xbq: str_ltz$0,
       id_fou: INT)
  ),
  id_ohp (
    { id_mxs, id_ytq, id_nbn, id_afi, id_agb, id_qga, id_sql
      |
      not
        (#
           (id_qeq, id_rtq, id_tar, id_hgj, id_wsi, id_xlb, id_xdi, id_edx,
            id_gwc).
         (#(id_abx, id_xcy, id_okx, id_vok, id_lzy).
          (#(id_yvp, id_vfx, id_eph, id_omp, id_nnu).
           (NATURAL /: struct(id_ois: str_ysz))))) },
    last
      (PI
         (id_lss, id_ubl, id_xez, id_rpx, id_azs, id_ecx, id_qxg, id_wof,
          id_cuz, id_fcj).
       (INT <<: str_vnr|
        rec
          (id_rbb:
           last
             ({SIGMA
                 (id_juu, id_xat, id_zwv, id_lld, id_ccr, id_bho, id_rju,
                  id_joc, id_ggm).
               (str_kab$0 /: str_wbq| NAT)
                 'id_gsf}),
           id_uqb: str_yuw$0))),
    rec
      (id_uqj: right(STRING <- str_tgd),
       id_btu:
       {iseq1(str_ozo'id_uny),
        str_cqp$0,
        rec
          (id_fwp: 659,
           id_owd: 49,
           id_olm: INT,
           id_wdj: str_wks$0,
           id_yna: str_qoc,
           id_lql: INT,
           id_lwx: NATURAL),
        str_ecc$0,
        str_tui$0})
  ),
  id_upe (
    SIGMA(id_urf, id_cjd, id_xrp, id_rbr, id_oqo, id_orc, id_dyj, id_mwc).
    (#(id_kvl, id_rmx, id_nrr).
     (!(id_pyq, id_gzi, id_fdy).(str_xel$0 >= str_hrh or str_myw : NAT1))|
     bool(not(str_ctp /<: STRING)))
      'id_ntr,
    (str_kmb **
     %(id_ndw).
     (not(not(FALSE < str_cnt & str_ulo$0 /<<: str_qcw))| 12'id_byw)
       'id_hib)
  ),
  id_pkq (
    rec
      (id_vtg:
       [[[NATURAL,
          {},
          NATURAL,
          rec(id_nsq: [str_dzz$0, MININT, 5, [], str_qct$0, str_lof, STRING]),
          str_doa],
         str_jka$0],
        str_dgq$0,
        str_ccf,
        str_aec$0,
        INT,
        FALSE,
        str_kph,
        str_hbb$0],
       id_qgn:
       INTER(id_ddp, id_hdj, id_hzo, id_fae, id_mds, id_heb, id_xiq, id_sod).
       ({} <= NATURAL1| NAT)),
    PI(id_nwb, id_fja, id_nis, id_vcd, id_jif, id_ocq, id_cka, id_sxz).
    (#(id_ynh, id_zql, id_wsi, id_vju, id_mqv, id_fnw, id_uct).
     (not({} /<<: str_xup))|
     { id_rce, id_tbf, id_awn, id_msh, id_zyn, id_bse, id_rry, id_fnp,
       id_nep, id_due, id_uww
       |
       not(not(str_ksx$0 <= str_vng)) })
      'id_xzx
  )

SETS
   id_gps = { id_qsc, id_oao, id_jcu, id_deg, id_nor } ;
  id_hbs;
  id_lqf;
  id_feh;
  
    id_igh
    =
    {
      id_kkw, id_ihs, id_eyq, id_pdk, id_okz, id_ill, id_gbm, id_evg, id_dou,
      id_kcw
    }
  

CONSTANTS
  id_eyi, id_bwk, id_kcn, id_njs, id_dsa, id_uhq, id_ddm, id_amr

ABSTRACT_CONSTANTS
  id_ufc, id_qbv, id_atd, id_gfh, id_mbm, id_snx, id_mud, id_nel, id_iql

PROPERTIES
  #
    (id_exh, id_iav, id_kxv, id_wjx, id_ldp, id_zuh, id_ybu, id_kdb, id_haz,
     id_ayk, id_lqg).
  (not
     (!
        (id_dur, id_dxz, id_jrr, id_fzc, id_tjl, id_tue, id_hks, id_kpp,
         id_wlv, id_sei, id_bnu).
      (str_gjr$0 <
       PI(id_dic, id_zyb, id_let, id_xlw, id_bbm).
       (TRUE >= str_ssi$0| str_zkd$0)) <=>
      str_mhz$0 /<<: str_ipu)) &
  MININT > MININT

CONCRETE_VARIABLES
  id_ktm, id_hpb, id_hie, id_lkt

VARIABLES
  id_qub, id_teu, id_vur, id_xcl, id_yjp, id_oya, id_ivt, id_zzc, id_pvp

INVARIANT
  {(MININT / str_jid$0), tree(MININT), str_ota, ["str_mka", str_fhk]} =
  { id_gur, id_cgo, id_bhv, id_qcz, id_hhg, id_jgp, id_ctg
    |
    str_ryd : str_sae => MININT /<: str_hrk }

ASSERTIONS
  rec
    (id_xqz:
     succ
       (rec
          (id_lbq: str_gsd$0,
           id_ijx: STRING,
           id_nuj: str_qee$0,
           id_yct: str_zmh$0,
           id_jbc: NATURAL,
           id_cjb: str_smo$0))) <:
  [{}, btree(str_cxj)'id_gcx, str_vqc];
  str_hdb$0 <<: str_ddu =>
  (#(id_alo, id_dhw, id_dqt, id_vpw).
   (str_bii = [BOOL, STRING, (str_lwr mod NAT1)]) &
   str_lod /: str_okt);
  !
    (id_uyk, id_kmv, id_tzl, id_xjk, id_stu, id_mxa, id_dha, id_acx, id_otp,
     id_vwn, id_aom).
  (rec
     (id_eko: str_bxf,
      id_kst: "str_twr",
      id_vlj: str_eog,
      id_jtz: str_pim$0,
      id_eap: BOOL) <=
   struct
     (id_qmd: str_gzv$0,
      id_wem:
      SIGMA(id_xrs, id_wjt, id_ckl, id_ghw, id_clp).
      (str_aal$0 : str_iul$0| STRING),
      id_xlf: str_fea$0)
     'id_ifp) <=>
  str_zmx /: {};
  not
    (#(id_fyt, id_quh, id_brk, id_jgq, id_hwp, id_wia, id_cgl).
     ({ id_ocb, id_zdk
        |
        str_nnn$0 : str_dhs$0 & !(id_hgw).(str_gov$0 <: str_ipk$0) } <
      {}));
  !(id_htx, id_vej, id_gig).
  (not
     (#(id_ced, id_lfe, id_xuh, id_noe, id_csj, id_htc, id_ays, id_lwk).
      (#
         (id_rez, id_grk, id_osd, id_wsm, id_vfn, id_zyu, id_pue, id_vbk,
          id_zgd, id_mxz).
       (#(id_qxl, id_fan, id_cvr, id_kqa, id_gdi).(not(str_fku < TRUE))) &
       str_byo$0 < NATURAL1)));
  bool(not(str_lsi /<<: str_muj$0 or str_cid /: str_mwj$0)) <<:
  PI(id_glx, id_mjd). (not(73 /: str_spd$0)| str_upv);
  {{ id_ewn, id_htf, id_nyw, id_grn, id_fhx, id_ygi, id_eqe, id_lam, id_wvm
     |
     NAT1 <= str_juq },
   prefix(STRING)} /<<:
  struct
    (id_wmv: str_hpx,
     id_qsr: tree(NATURAL),
     id_xbp: FALSE,
     id_svv: BOOL,
     id_agh: str_tkf,
     id_klo:
     rec
       (id_eom: str_hly,
        id_ays: str_tca,
        id_tdo: str_xha$0,
        id_cnl: str_mji,
        id_ykc: str_fdd$0,
        id_fzg: str_nsc$0,
        id_skv: NATURAL));
  !(id_dsl, id_cps, id_lne, id_hxj, id_fxu, id_asm, id_fpt, id_law, id_jnv).
  (#(id_egv, id_qel, id_nry, id_gig, id_xws, id_gdb).
   (not
      (#
         (id_poe, id_hzf, id_pfo, id_hry, id_tyl, id_fju, id_eqn, id_kzl,
          id_snp).
       (#(id_qwy).(FALSE = str_ycx & str_hub /: str_pcz$0))) <=>
    MAXINT /<: str_run$0));
  #(id_wec, id_chg).
  ({ id_edy, id_esy, id_xve, id_idd, id_grd
     |
     str_rnk <<: INT <=> str_uip$0 /<<: str_aqb } <=
   bool
     (!(id_hio, id_tig, id_zbv, id_mvj, id_aby, id_bzt, id_npx, id_znl).
      (MININT : {})))

INITIALISATION
  ASSERT
    #(id_yka).
    (str_cqt /<<: TRUE <=>
     #(id_pib, id_doy, id_piv, id_ewn).
     (#(id_lft, id_deg, id_qfh).
      (not
         (!(id_uzh).
          (!
             (id_hvw, id_brt, id_iot, id_uei, id_nyd, id_fbs, id_rez, id_apq,
              id_tjx, id_tdc).
           (str_lln <= []))))))
  THEN
    SELECT
      %(id_nwg, id_qpy, id_ybp, id_enn, id_clx, id_loq).
      (struct
         (id_zcg: str_ksd,
          id_tlg: INTEGER,
          id_vgu:
          struct
            (id_cld: str_uhs,
             id_ffc: str_qsh$0,
             id_avy: FALSE,
             id_hqh: str_toj$0)) /:
       TRUE|
       UNION(id_ngo, id_hpr, id_xsp, id_iki, id_qfi).
       (str_wcp$0 = str_hib| str_izl)) /:
      {str_qsc, str_roq$0, str_jjl$0, str_aev}
    THEN
      skip
    WHEN
      not
        ((!(id_adx, id_nla).(str_tzv$0 = str_yay) =>
          not
            (not
               (#(id_qgx, id_mdw, id_akj, id_agr, id_kgk, id_pkn).
                (str_zwe$0 <<: str_bik)))) =>
         str_etz$0 <<: NAT)
    THEN
      id_zhy 
        (
          rec
            (id_gqh:
             {str_xpn,
              NATURAL1,
              PI
                (id_dow, id_cxb, id_hnu, id_qat, id_wsh, id_dzx, id_faw,
                 id_mos, id_qrj, id_tat).
              ({} /<<: str_exo$0 or NATURAL <= str_opr|
               SIGMA(id_hfm, id_gnb, id_lui, id_ttl, id_djt, id_wej).
               (str_zwj$0 <: str_skj|
                PI(id_jjo, id_xrf, id_cig, id_pqg).
                (str_ovd$0 /: "str_blx"| str_jyc))),
              %
                (id_rwr, id_neu, id_bge, id_tod, id_pmq, id_wda, id_syf,
                 id_igj, id_byv, id_lnu, id_tpa).
              (str_vmu : str_sqw| str_son$0),
              str_pcx$0,
              8,
              "str_pvd"})
        )
        (
          struct
            (id_zvi: str_ilm,
             id_mcg: str_vyu,
             id_kxh: rec(id_jiv: INTEGER, id_xyn: str_byx),
             id_imb:
             SIGMA(id_kxt, id_oza).
             (str_yih$0 /: str_eeg =>
              !
                (id_eou, id_myv, id_kmu, id_hid, id_nks, id_hkj, id_nqs,
                 id_tey).
              (!(id_yzn, id_kjx, id_kpl, id_tlo, id_kuu, id_avy, id_kxa).
               (STRING /: TRUE))|
              {str_kjg, str_ati$0, str_aaa$0}),
             id_xly: NATURAL)
        )
        (
          rec
            (id_fzr: str_ams$0,
             id_itq: str_jcq$0,
             id_aut: str_rvz$0,
             id_ylw: str_khx,
             id_qsh: bool({} > INTEGER),
             id_pyp: str_ikt,
             id_bjn:
             {sons(str_yxx),
              str_mzw,
              str_plj$0,
              (rec(id_wna: str_vlw, id_szj: NAT1)~),
              4})
            'id_scf
        )
        (
          { id_xrb, id_mfi, id_ere, id_gjz, id_xgx, id_xeu, id_oma, id_keg,
            id_mtz, id_frl, id_hbm
            |
            #(id_kmz, id_ery, id_ira, id_efk, id_rim, id_zsk).
            (!
               (id_tns, id_yia, id_apj, id_cuw, id_eva, id_qfk, id_vfr,
                id_kix, id_kwh, id_jmr, id_bhz).
             (str_whp$0 <: str_usb$0)) <=>
            bool(str_nlm$0 < str_mtq) <= [str_xkg] }
        )
        (
          union
            ((str_ijp ||
              PI(id_jnn, id_wyh).
              (str_vvx /: "str_pwp" <=> str_zuw <: BOOL| BOOL~)
                'id_rgi))
        )
        (
          [str_pck$0,
           str_ltk,
           %(id_rcr, id_dqt, id_slu, id_mus, id_pvh, id_vfr, id_ohx).
           (str_kjb >= str_xut$0|
            { id_wtm, id_opy, id_wcf, id_fvh, id_rdc, id_ffc, id_mtm
              |
              NATURAL1 > str_iwm$0 }
              (str_yum$0)),
           %
             (id_qlg, id_dix, id_pmm, id_xoy, id_isa, id_upa, id_tyt, id_ywq,
              id_hav, id_yme, id_fcs).
           (str_qdw$0 = str_sze$0| str_zxi$0),
           NAT1,
           struct
             (id_fht: str_hwh,
              id_rom: str_tsg,
              id_tbf: str_kcm$0,
              id_wde: INTEGER,
              id_sof: str_ebx,
              id_ndt: str_iwi$0,
              id_slt:
              { id_xyq, id_qlc, id_dlb, id_shv, id_tlq, id_llj, id_xey
                |
                str_bgq /= str_led$0 },
              id_pzi: str_gwz$0)]
        )
        (
          { id_eva, id_che, id_wqd, id_egc, id_igx, id_pkx, id_spa
            |
            !(id_dqc, id_bux).
            ({str_ggj, str_ivd, str_fib, str_xok, str_npi, MININT, str_alt$0} ^
             rec
               (id_nru: str_acq,
                id_gub:
                PI
                  (id_adk, id_ydt, id_pig, id_xop, id_xst, id_fqn, id_mna,
                   id_mhl, id_jxo).
                (FALSE /<: 146| str_uno$0),
                id_wua: str_nwy$0) /<<:
             str_erc$0) }
        )
        (
          rec
            (id_qdj:
             struct
               (id_pdw:
                PI
                  (id_uzn, id_aze, id_fjh, id_fkz, id_jej, id_jhd, id_bjc,
                   id_gja).
                (str_fdy$0 >= "str_iat"| str_oyj),
                id_puv: str_ntu$0,
                id_ejk: rel(NAT1),
                id_zgs:
                { id_mxe, id_ogq, id_gjj, id_dqc, id_ugo | INTEGER : str_hli }),
             id_dmt: str_eup,
             id_twg: NAT1,
             id_osl: NAT,
             id_xcv: str_ttf$0'id_cqc,
             id_eqi: str_wtj,
             id_xnw: str_xpe$0,
             id_ajj: str_ujy$0)
        )
        (
          [SIGMA(id_nsu, id_txo, id_ufl).
           (#(id_asz, id_jag, id_eub, id_ewm, id_kbt, id_hjl, id_wbj, id_gnh).
            (NAT = [])|
            rec
              (id_wyk:
               rec
                 (id_qre:
                  [str_eet, str_qcn$0, str_toh, INTEGER, str_zqu$0, NATURAL1,
                   str_dlo$0],
                  id_lfv: str_xmo$0,
                  id_wtm: TRUE,
                  id_weu: str_utx)
                 'id_rss))]
        )
        (
          rec
            (id_gqu: str_wqa,
             id_smp:
             struct
               (id_bwg:
                rec
                  (id_lsd: str_tdk,
                   id_wwn: str_bua$0,
                   id_zoe: str_huo,
                   id_gth: str_yyt,
                   id_zaq: INT,
                   id_lgm: str_hyq$0)
                  'id_glf,
                id_gvv: str_qxr,
                id_zkd:
                struct
                  (id_gix: str_chq$0,
                   id_gvn: str_krz$0,
                   id_ign: "str_pnf",
                   id_qca: str_hux),
                id_nfq: [str_dxs, str_urb],
                id_nnh: str_ttk),
             id_mbj: rec(id_zbk: str_ekx$0, id_sfy: INTEGER, id_dsz: str_hur),
             id_yrx: str_sqx$0)
        )
      
      :=
      { id_yih, id_ujj, id_xqq
        |
        { id_daa, id_nho, id_qrr, id_dlk, id_mvf, id_zuf, id_pvn, id_xon,
          id_tft
          |
          !
            (id_rcz, id_weo, id_iiy, id_dkr, id_gfr, id_egk, id_lvn, id_qrv,
             id_owz).
          ([] /<: str_ira$0) }
          'id_puf /<<:
        struct
          (id_ped: str_zzy$0,
           id_wde: str_wrz$0,
           id_qjx:
           PI(id_qjq, id_hfj, id_hyx, id_pot, id_jgu).
           (str_iyy /<: str_prk| str_sdg$0)) }
    WHEN
      bool(str_qmn /<: TRUE => NATURAL1 /<<: str_yjz$0) :
      POW1
        (%(id_ohw, id_cah, id_emw, id_mql, id_dlb).
         (str_kpr$0 = FALSE| (str_cfz \|/ BOOL) <| str_eot))
    THEN
      VAR
        id_ofl, id_ywq, id_qje, id_ntt, id_zel, id_tgc
      IN
        ASSERT
          !(id_fzm).
          (!
             (id_nsa, id_fdt, id_hre, id_nri, id_uif, id_ndx, id_drv, id_kcv,
              id_bwz, id_xck).
           (rec(id_vci: INT, id_xxt: [], id_eau: str_pyv, id_qjl: FALSE) <
            struct
              (id_fgp: str_ibv,
               id_avk: BOOL,
               id_bdv:
               (rec
                  (id_buz: str_zih,
                   id_onw: TRUE,
                   id_nui: str_yin,
                   id_fvg: str_pnk,
                   id_yoj: str_gmf$0,
                   id_jpo: str_fxl) ;
                str_ogw$0),
               id_evq: str_ngl,
               id_wdx: 0,
               id_kol: "str_jxu",
               id_syd: NATURAL)))
        THEN
          WHILE
            #
              (id_hwn, id_kbp, id_kva, id_ifl, id_dfm, id_lln, id_aqh,
               id_quk, id_lbh).
            ({ id_xrm, id_jxn, id_idy, id_nwd, id_jqv
               |
               not(str_cba /<<: str_ynx) } >
             NAT'id_nii'id_gpy)
          DO
            skip
          INVARIANT
            str_eix < str_hcr$0 <=>
            { id_pyx, id_eqo, id_jty, id_kaz, id_isf, id_pex, id_cjo, id_bki,
              id_ttf, id_dzn, id_idp
              |
              "str_rno" /:
              rec
                (id_oby: str_tus$0,
                 id_xxf: str_dla,
                 id_fas:
                 PI(id_slx, id_ihu, id_xmt, id_zwx, id_lpa, id_igx).
                 (str_hvl <: STRING| str_bld),
                 id_ppq: rev({}),
                 id_wdd: NAT) } <
            str_yxo
          VARIANT
            id
              (SIGMA(id_tle, id_duw, id_cbl, id_tlh, id_tyo, id_arq).
               (!(id_vot, id_iag, id_hna, id_klv, id_fyf, id_nnk).
                (front(NAT) = FALSE)|
                last
                  (UNION
                     (id_hrj, id_fah, id_kxr, id_aun, id_iyw, id_ial, id_kxq,
                      id_bxx, id_xgv).
                   (str_tum$0 < str_yea| STRING))))
          END
        END
      END
    WHEN
      #(id_zhk, id_tkw, id_oyf, id_lyb, id_uec, id_rdr, id_rfc, id_zin).
      (not
         (not
            (!(id_qdi, id_tky, id_ioz, id_mih, id_nwr, id_vgy, id_owe).
             (not(NAT <: str_jxx) or str_ofj$0 /<: str_gma$0))) &
       str_tuo = str_aeb)
    THEN
      id_uqh, id_wvl, id_jzr, id_xgz, id_nlx
      ::
      rec
        (id_oco: bin(MAXINT +-> NAT1),
         id_yri: str_quc$0,
         id_kul: str_gnz,
         id_lpc: const(str_vln$0),
         id_fmn: (STRING -->> str_aqe),
         id_cya: str_kcx$0,
         id_hxa: [])
        'id_cfz
        'id_vyq
    WHEN
      not
        (!(id_nap, id_mqx, id_gio, id_wee, id_mec, id_eks, id_bzn).
         (not
            (!(id_aoy, id_tzs, id_mzh).
             (not([str_fpz$0, str_fey$0] : str_hbi)))))
    THEN
      ANY
        id_per, id_btr, id_vxx
      WHERE
        #
          (id_gsh, id_ips, id_dew, id_xna, id_jcr, id_ozv, id_zhr, id_apn,
           id_pjp).
        (not
           (not
              (#
                 (id_exp, id_sid, id_wdt, id_zdo, id_hks, id_kqf, id_hgl,
                  id_esu, id_uvh).
               (#(id_qbr, id_xbo, id_whi, id_eib, id_uix).
                ({str_lad$0} <= INTEGER)))))
      THEN
        id_slr, id_vlb, id_uta, id_otv, id_fgw, id_mjv, id_ryn, id_qfr,
        id_jhf
        :=
        pred
          (closure
             (struct
                (id_zvs:
                 [str_vkm,
                  {},
                  str_nlu,
                  str_evj,
                  first(bool(NAT1 /<: STRING)),
                  str_nxk,
                  str_xjz$0,
                  str_zie],
                 id_bbs: str_wda$0,
                 id_kwc: str_ptv$0,
                 id_gem: str_bin$0,
                 id_fcv: str_iln$0,
                 id_kzf: NATURAL,
                 id_rny: INTEGER))
             'id_jyo)
      END
    WHEN
      #(id_fvn).
      ({ id_rpk, id_jgu, id_avf, id_pkp, id_dee, id_ikg, id_zhq
         |
         str_lte$0 /: str_sqv$0 } <:
       struct
         (id_wvx:
          sons([str_pgn$0, str_ekf$0, str_hvm$0, str_hwh, str_jbm, STRING]))
         'id_azf)
    THEN
      id_suc'id_zgu
      :=
      [mirror
         ({ id_jan, id_hlm, id_ugl, id_iyn, id_emx, id_lgr, id_cxc
            |
            not
              (#(id_xck, id_ays, id_zeb, id_qlh, id_qte, id_bgp, id_wbm).
               (!(id_kqc).
                (!
                   (id_ozv, id_vbk, id_rwm, id_pas, id_rwr, id_iyx, id_inz,
                    id_epk, id_ccb, id_zxc, id_ggs).
                 (str_vix /<: str_xrs)))) })]
    WHEN
      #
        (id_tjy, id_wrg, id_zjc, id_zcz, id_nsw, id_syl, id_jbt, id_bsb,
         id_afk, id_tid).
      (bool(str_qlf = str_rsv) /:
       { id_pfu, id_rxs, id_mvz, id_yts, id_ncp, id_mho, id_fkb
         |
         not(FALSE /: str_asl$0) } or
       str_ufl$0 <<: str_bfz$0)
    THEN
      IF
        STRING /: str_cqi$0 <=>
        !
          (id_iel, id_cfh, id_mtr, id_qss, id_jcd, id_mbi, id_xil, id_xwn,
           id_zhu, id_ihm).
        (#
           (id_cjq, id_qrd, id_dyb, id_gni, id_iky, id_iux, id_ytj, id_dst,
            id_hzc, id_kiw, id_lie).
         (NATURAL /<:
          closure1
            ({ id_tdd, id_uuo, id_lrm, id_nca, id_ini, id_zkn, id_ncu,
               id_ayj, id_gjy
               |
               str_edp$0 /<<: str_ljf$0 }) or
          str_hvl$0 /<<: str_flq$0))
      THEN
        id_dkq'id_pmq
        :=
        iseq1
          ([NATURAL1,
            str_lkr$0,
            str_ybb,
            str_vrp,
            str_opt,
            INTEGER,
            NATURAL1,
            INTER(id_rct, id_ulf, id_zuw).
            (!(id_dcs, id_jbd, id_cgq, id_wbi).
             (#
                (id_ggd, id_qgk, id_gff, id_mes, id_von, id_nqu, id_pde,
                 id_uqy, id_uvi, id_fmc).
              (str_ods$0 = str_lsu$0))|
             [NATURAL,
              INT,
              NATURAL,
              bool(str_iqf$0 > TRUE),
              str_emf,
              INTEGER,
              TRUE])])
      END
    WHEN
      not
        (#(id_eln, id_itj, id_avs, id_hwd, id_zrk, id_rvr).
         ({ id_rjl, id_lcn, id_qhs, id_bwr, id_zdj, id_eql, id_wqv
            |
            !
              (id_vpa, id_xvy, id_hzg, id_jlf, id_dka, id_wxq, id_mci,
               id_ika, id_xmn, id_glj).
            (str_occ$0 < str_lwp$0) } <:
          [str_rmq,
           [str_kfz$0, {}, BOOL, NATURAL1, str_olk$0, NATURAL1, str_lyx$0],
           MAXINT,
           NAT,
           str_fpu,
           str_vuk,
           str_ncz]))
    THEN
      id_rcu 
        (
          [INTEGER,
           struct
             (id_ktx: str_esi$0,
              id_vlp: 5,
              id_ult: str_kup,
              id_tus: str_jcy,
              id_iod: str_ffx,
              id_fkb: str_cqo$0,
              id_mld: "str_ijf"),
           rec(id_iqr: 2107)] ><
          rec
            (id_yuy: bool(!(id_nbx).(str_ply$0 <: 18)),
             id_viw: 4,
             id_xtw: str_wnd$0,
             id_fdz: str_tco$0,
             id_hyb: {},
             id_mdj: [])
        )
        (
          {NAT,
           ([str_dfn'id_gnf,
             str_gil$0,
             %(id_bxr, id_agu, id_khm, id_sof).
             (MININT /: str_hfr$0| str_axs)] *
            str_ksi),
           str_jnl,
           { id_hcm, id_kqy, id_cjn, id_itw | str_sqi$0 /<<: str_hly$0 },
           str_qma,
           str_qdu$0}
            'id_htk
        )
        (
          %(id_pdb, id_zjc, id_xjv, id_vtd, id_iqn, id_mac, id_gwy).
          (#
             (id_ivu, id_meg, id_rvg, id_rhj, id_vxs, id_kol, id_qet, id_iwg,
              id_lrn, id_pbq).
           (not
              (#
                 (id_qdw, id_blp, id_nsq, id_fzi, id_fko, id_jsv, id_pde,
                  id_vzz, id_tjg, id_ueu, id_mpx).
               (not(str_kxw <<: str_umn or str_jak <: str_ncj$0)) <=>
               str_lrk$0 /= str_lxt))|
           str_dbz)
        )
        (
          struct
            (id_dkd: str_kcv,
             id_bcm: str_cls,
             id_ujh:
             [{NAT, [], TRUE, FALSE, {}},
              str_lpj$0,
              NATURAL1,
              first(497),
              str_boi],
             id_vlb: BOOL,
             id_hwx: str_con,
             id_fwu: str_xsu$0,
             id_emr:
             [str_zrr$0,
              [],
              "str_jhd",
              NATURAL,
              { id_hsd, id_bzp, id_wau, id_kgz, id_pjx, id_gby, id_zbe
                |
                str_qmr$0 /<: TRUE },
              (str_yds * str_abu$0)],
             id_qus: str_jyj)
        )
        (
          bool
            (!
               (id_ycl, id_whr, id_utm, id_kzj, id_mii, id_gwe, id_vzn,
                id_lqx, id_cux).
             (#(id_vil, id_fyx).(str_rpp /<<: str_tec$0 & INTEGER >= NATURAL)) =>
             #
               (id_smz, id_khg, id_hlx, id_yxj, id_nyz, id_cxe, id_eni,
                id_lnc, id_obr).
             (!(id_ixg, id_fqk, id_tgp, id_djc, id_wis).(INTEGER /<<: {})))
        )
        (
          rec
            (id_azq: str_tue$0,
             id_hcn: INTEGER,
             id_jmn:
             (PI
                (id_ukc, id_ftg, id_ozh, id_vxg, id_dgr, id_ikp, id_bwa,
                 id_oqx, id_uhi, id_qud).
              (str_uiy$0 < 5979| NAT1) <-
              ([str_gyc, str_uar, str_yyw$0, str_jus$0, str_hln$0, str_vyo$0] ><
               str_idu)
                'id_bqy
                'id_eix))
        )
        (
          { id_yyg, id_prs, id_jsm, id_qeb, id_qoj, id_tlq, id_ssd, id_liz
            |
            !(id_mmi, id_tzc, id_ntg, id_cdj, id_kgv, id_etg, id_zsa).
            (str_ond = 32) =>
            #(id_ecv, id_nam, id_pva, id_ahl, id_kii, id_whp).
            (not(not(#(id_yzo, id_kcw).(str_zct /<: str_zvk$0)))) }
        )
        (
          { id_jpo, id_mtt, id_hyh, id_pys, id_ubs, id_nzo, id_rac, id_qnv,
            id_ngz
            |
            not
              (!(id_yjm, id_ksf, id_mfd, id_lll).
               (not(!(id_utu, id_pyk, id_bsx, id_fla).([] <<: NATURAL1)))) <=>
            not([] <<: str_tpc) }
        )
      
      :=
      %(id_mff). (MININT <<: str_ysi$0| MININT) >->
      rec
        (id_elm: str_szh$0,
         id_joq: str_ard,
         id_rst:
         ["str_hbq",
          { id_miq, id_vpg, id_mue, id_vgl, id_uom, id_ofs, id_mli
            |
            !(id_pqv, id_csh, id_rhm, id_wrq, id_kzk).(str_zjm /= str_fzx$0) }],
         id_nmw:
         rec
           (id_vkg: "str_wxf", id_zbp: str_naw, id_per: TRUE, id_nhc: MININT))
    END
  END

OPERATIONS
  id_xhk, id_lrl, id_ctr, id_cat, id_kxv, id_koo, id_kif, id_ema, id_sjb,
  id_hqv
  <--
  id_dkg (id_tho)
  =
  BEGIN
    ANY
      id_qzr, id_jdq
    WHERE
      #(id_wdf, id_zds).
      (not
         (!
            (id_ebg, id_mjg, id_lsd, id_gzr, id_kxs, id_hyi, id_hak, id_wqo,
             id_mnn, id_hbt, id_uoe).
          (bool
             (#(id_glv, id_vqm, id_oyn, id_mld, id_mqe).
              (not(str_lwq$0 < str_kcf$0))) /=
           str_key$0)))
    THEN
      PRE
        not
          (not
             (not
                ([str_bzs$0, NAT1, str_saj$0, str_zth, str_gah, str_iot] <:
                 struct
                   (id_hub:
                    { id_wwn, id_oyw, id_qjq, id_kjk | str_sdo$0 /: MAXINT }))))
      THEN
        ANY
          id_pjx, id_pby, id_lyt, id_ndg, id_kcz, id_bhl, id_ive, id_ghx,
          id_fun
        WHERE
          !(id_vfs, id_jpd, id_wcb, id_ura, id_bjb, id_wyh, id_aeq, id_lzx).
          (!(id_yds, id_atu, id_lpm, id_gmo, id_nik, id_oxh, id_afs).
           (#(id_igh, id_xrp, id_mlk).
            (!(id_zpj, id_dxk, id_kwv, id_ntk, id_ozr).
             (str_nru$0 /: NATURAL1) or
             !(id_wnc, id_peu, id_fku, id_mky, id_ocz, id_ofn, id_uka).
             (#(id_txo, id_clp, id_xje, id_are, id_vhv, id_ehg, id_kfb).
              (str_kvp$0 /= str_fzv$0)))))
        THEN
          id_erf
          <--
          id_iuz
            (({[], NATURAL, MININT}'id_swr >->
              struct
                (id_slb: str_eca$0,
                 id_mvk: NATURAL,
                 id_eyl: ({} ; [str_sxt]),
                 id_wrp: str_qig,
                 id_uws: str_aeg,
                 id_iii: str_adw$0,
                 id_euk:
                 rec
                   (id_ljl: str_jxd$0,
                    id_aau: str_vuy$0,
                    id_mtt: str_ybc,
                    id_kjr: str_lxi$0,
                    id_idp: NATURAL1,
                    id_cxp: str_oih$0))),
             [{UNION
                 (id_rgr, id_ech, id_yvr, id_sje, id_vjx, id_ujb, id_wah,
                  id_lxj, id_txs, id_ihn).
               (!(id_evx, id_imc, id_svx).(str_ukt = NATURAL)| 6)},
              str_sgk$0,
              [],
              str_aqp$0,
              PI(id_oim, id_tha, id_ass). (FALSE /<: NAT| NATURAL1),
              bool(not(str_zpq : MININT)),
              str_sgo],
             bool
               (#(id_tyz, id_hvl, id_cso, id_puv).
                (not
                   (str_pmq$0 /<<:
                    { id_egs, id_vpz, id_sol, id_jzz, id_snp, id_ocv, id_lmp
                      |
                      not(not(63 /= NATURAL)) }))),
             (bool
                (#
                   (id_ktj, id_ozu, id_emu, id_qno, id_ggg, id_bkk, id_nef,
                    id_mki, id_kza, id_hau, id_yeo).
                 (bool(str_qqi$0 <: str_szb) =
                  struct(id_mxg: str_bok, id_dhc: str_klj)'id_hyc)) /\
              str_dnd),
             fnc
               (struct
                  (id_hyr:
                   {{ id_viu, id_yfb, id_jgf, id_bpo, id_zxc, id_qpe, id_gzq,
                      id_kqo, id_cwm
                      |
                      [] /<: str_xpg },
                    %(id_zsm, id_mno, id_kmn, id_ctk, id_oiq, id_apm).
                    (str_ivp$0 > INTEGER| INTEGER)}
                     'id_cix))
               'id_mnr,
             {str_bty$0'id_kfr,
              rec
                (id_klj: str_sdk$0,
                 id_lvf: tree(str_oac),
                 id_ypt:
                 { id_uan, id_yvm, id_nbh, id_zhs | str_rzm <= str_zrt },
                 id_vcq: str_wai$0,
                 id_tir:
                 rec
                   (id_vyb: str_mam,
                    id_cfr: MAXINT,
                    id_jwk: str_pzh$0,
                    id_bba: NATURAL,
                    id_irq: str_fhz$0)
                   'id_khb,
                 id_oiu: str_csu$0,
                 id_crr: str_sej$0)},
             [[str_xpy, str_smm, FALSE, str_zah$0, "str_lsj", str_gkt$0],
              [{ id_pcm, id_jgx, id_sxm, id_wie | [] /<: 5 }]'id_jwj,
              NATURAL1,
              bin(str_njw),
              {}],
             ({ id_spt, id_vhg, id_qbo, id_nuu, id_gxh, id_tve, id_ptq,
                id_ngg
                |
                MAXINT <: str_kjk$0 } mod
              {{ id_txu, id_mnh, id_uso, id_mcw, id_njl, id_say, id_ors,
                 id_mob, id_jvv
                 |
                 rec
                   (id_ojo: INT,
                    id_dcv: str_zhz,
                    id_iyk: str_izf$0,
                    id_tdp: front(TRUE),
                    id_czl: str_cyr) <:
                 str_xaq$0 }}),
             rec
               (id_zeq: str_ysb$0,
                id_zve: str_wis,
                id_pey: MININT,
                id_osq: [str_ooa, str_jyu],
                id_cao: str_uch$0,
                id_owr:
                [str_vaw,
                 STRING,
                 str_wan,
                 str_oev$0,
                 INTEGER,
                 {[str_zfy, FALSE, str_ykt$0],
                  iseq1(str_ixl$0),
                  str_sze,
                  str_our,
                  str_jdz$0,
                  {INTEGER, str_yzf$0, str_smv}},
                 str_tnx$0,
                 str_xsq]),
             {{ id_zys | str_mju : str_nqv$0 }'id_xqc'id_nhj,
              bool(str_wnw >= FALSE),
              FALSE,
              ran(str_abg$0),
              SIGMA
                (id_prs, id_evp, id_aeq, id_uey, id_zgv, id_uho, id_lop,
                 id_sac).
              (str_afa : str_ihm| str_dpe$0)})
        END
      END
    END ||
    BEGIN
      CASE
        PI
          (id_are, id_kny, id_xzg, id_ose, id_mvr, id_tuz, id_psq, id_jfm,
           id_gde, id_kew).
        (#
           (id_nrn, id_ycd, id_bky, id_nxv, id_lgd, id_gys, id_ius, id_wxa,
            id_qil).
         (str_rsx$0 <= rank(bool(not(str_aas$0 /<: str_nti$0))))|
         bool(str_llm$0 = INTEGER))
        OF
        EITHER
          UNION(id_ihr).
          (struct(id_cdx: str_gfe, id_xck: str_udg) <
           prj2
             ([3,
               str_rlt,
               rec
                 (id_qpb: {},
                  id_nnn: "str_kxt",
                  id_qvx: str_vex$0,
                  id_zeq: str_aga$0,
                  id_kda:
                  INTER(id_tuo, id_upa, id_rrc, id_ibb, id_yuo, id_hvb).
                  (str_mox$0 < str_rgb| str_puj$0)),
               NAT],
              NAT)|
           INT)
        THEN
          skip
        OR
          [{ id_psb, id_poa, id_nle, id_kpq, id_xpk
             |
             !(id_lao, id_zav).
             (!(id_jrs).
              (!(id_das, id_wbs, id_ypi, id_pgf, id_blq, id_gnj, id_frj).
               (MININT >= TRUE) &
               str_piw /: str_ass$0)) },
           top(str_fih)]
        THEN
          skip
        OR
          { id_hib, id_uvq, id_bvx, id_dag
            |
            !(id_bbp, id_llg, id_zlw, id_afz, id_mpw, id_ujd, id_gbj, id_mpi).
            (not
               (#(id_rkj, id_xgq, id_tls, id_dbs, id_glu, id_vrb, id_rwy).
                (str_waa <= str_pqb => str_zee$0 >= NATURAL))) }
        THEN
          id_iho, id_xoc, id_sge, id_ovp, id_wum, id_usm, id_bpp, id_pgg,
          id_eid
          :=
          [str_mty,
           {str_qre, str_dvf$0},
           BOOL,
           rec
             (id_tgo: str_ypk,
              id_pqt: str_wvx,
              id_rzr: str_xcd$0,
              id_iic: str_sdl,
              id_kde: str_nnn$0,
              id_jpx: str_ofc$0),
           bool
             (rec
                (id_nrd: str_ctt$0,
                 id_aun: str_zwl(NATURAL1),
                 id_sce: str_dov) /<:
              str_npj$0)]
        ELSE
          id_uwj, id_hat, id_pjq, id_dbs, id_kgz
          ::
          {rec
             (id_kax: struct(id_ead: closure(MININT), id_lwr: "str_ayq"),
              id_tsb: MININT,
              id_fhe:
              PI(id_pfk, id_gtl, id_ktc, id_ivd).
              (!(id_ehn, id_gck).(str_ypi /<<: TRUE)| STRING),
              id_jjn: str_ggx$0,
              id_vvw: [])}
        END
      END ||
      ASSERT
        not
          ({ id_ouu, id_wds, id_poh, id_vkf, id_nic
             |
             #(id_nvx, id_ugf, id_bdc, id_vwk, id_lzk, id_bej).
             (not(str_qly$0 > str_kbj$0 => str_jyb$0 /<<: str_ynq)) } <:
           { id_okk, id_byy, id_lhi, id_hld | {} : str_nip })
      THEN
        skip
      END
    END
  END

END 
